.\t81-backend\Scripts\python.exe : Traceback (most recent call last):
At line:1 char:1
+ .\t81-backend\Scripts\python.exe -c "import app.main" > 
error_log.txt ...
+ ~~~~~~~~~~~~~~~~~~~~~~~~~~~~~~~~~~~~~~~~~~~~~~~~~~~~~~~~~~~~~~~~~~~~~
    + CategoryInfo          : NotSpecified: (Traceback (most recent ca 
   ll last)::String) [], RemoteException
    + FullyQualifiedErrorId : NativeCommandError
 
  File "<string>", line 1, in <module>
  File "E:\Projects\SignFusion\t81-mini-project\backend\app\main.py", 
line 4, in <module>
    from app.api.routes import text, auth
  File "E:\Projects\SignFusion\t81-mini-project\backend\app\api\routes\
auth.py", line 10, in <module>
    from app.schemas.user import UserCreateRequest, UserResponse
  File 
"E:\Projects\SignFusion\t81-mini-project\backend\app\schemas\user.py", 
line 4, in <module>
    class UserCreateRequest(BaseModel):
  File "E:\Projects\SignFusion\t81-mini-project\backend\t81-backend\lib
\site-packages\pydantic\_internal\_model_construction.py", line 255, 
in __new__
    complete_model_class(
  File "E:\Projects\SignFusion\t81-mini-project\backend\t81-backend\lib
\site-packages\pydantic\_internal\_model_construction.py", line 671, 
in complete_model_class
    cls.__pydantic_validator__ = create_schema_validator(
  File "E:\Projects\SignFusion\t81-mini-project\backend\t81-backend\lib
\site-packages\pydantic\plugin\_schema_validator.py", line 51, in 
create_schema_validator
    return SchemaValidator(schema, config)
pydantic_core._pydantic_core.SchemaError: Error building "model" 
validator:
  SchemaError: Error building "model-fields" validator:
  SchemaError: Field "password":
  SchemaError: Error building "str" validator:
  SchemaError: regex parse error:
    
^(?=.*[a-z])(?=.*[A-Z])(?=.*\d)(?=.*[@$!%*?&])[A-Za-z\d@$!%*?&]{8,}$
     ^^^
error: look-around, including look-ahead and look-behind, is not 
supported
